‚¨¢ [Docker] ‚ùØ ls /sys/devices/system/cpu/cpu0/cache/index0/
total 0
drwxr-xr-x 2 root root    0 Jan 13 18:44 .
drwxr-xr-x 6 root root    0 Jan 13 18:44 ..
-r--r--r-- 1 root root 4096 Jan 13 18:44 coherency_line_size
-r--r--r-- 1 root root 4096 Jan 13 18:44 id
-r--r--r-- 1 root root 4096 Jan 13 18:44 level
-r--r--r-- 1 root root 4096 Jan 13 18:44 number_of_sets
-r--r--r-- 1 root root 4096 Jan 13 18:44 physical_line_partition
-r--r--r-- 1 root root 4096 Jan 13 18:44 shared_cpu_list
-r--r--r-- 1 root root 4096 Jan 13 18:44 shared_cpu_map
-r--r--r-- 1 root root 4096 Jan 13 18:44 size
-r--r--r-- 1 root root 4096 Jan 13 18:44 type
-rw-r--r-- 1 root root 4096 Jan 13 18:44 uevent
-r--r--r-- 1 root root 4096 Jan 13 18:44 ways_of_associativity

‚¨¢ [Docker] ‚ùØ cat /sys/devices/system/cpu/cpu0/cache/index0
level:1
size:32K

‚¨¢ [Docker] ‚ùØ cat /sys/devices/system/cpu/cpu0/cache/index1
level:1
size:32K

‚¨¢ [Docker] ‚ùØ cat /sys/devices/system/cpu/cpu0/cache/index2
level:2
size:256K

‚¨¢ [Docker] ‚ùØ cat /sys/devices/system/cpu/cpu0/cache/index3
level:3
size:4096K


‚ùØ dd if=/dev/zero of=testfile oflag=sync bs=1G count=1
1+0 records in
1+0 records out
1073741824 bytes (1.1 GB, 1.0 GiB) copied, 10.08 s, 107 MB/s

‚ùØ dd if=/dev/zero of=testfile bs=1G count=1
1+0 records in
1+0 records out
1073741824 bytes (1.1 GB, 1.0 GiB) copied, 6.0475 s, 178 MB/s

linux-in-practice-2nd-docker/linux-in-practice-2nd/08-storage-hierarchy on ÓÇ† main took 8s 
‚ùØ free
              total        used        free      shared  buff/cache   available
Mem:        2010468      744304     1042440       15144      223724     1099680
Swap:       1190340      795924      394416

linux-in-practice-2nd-docker/linux-in-practice-2nd/08-storage-hierarchy on ÓÇ† main [!?‚á°] via üêπ v1.13.8 via üêç v3.8.10 
‚ùØ sudo su
root@howlinuxworks:/media/sf_shared/linux-in-practice-2nd-docker/linux-in-practice-2nd/08-storage-hierarchy# echo 3 > /proc/sys/vm/drop_caches
root@howlinuxworks:/media/sf_shared/linux-in-practice-2nd-docker/linux-in-practice-2nd/08-storage-hierarchy# free
              total        used        free      shared  buff/cache   available
Mem:        2010468      698932     1140464       21592      171072     1140216
Swap:       1190340      795668      394672

‚ùØ free
              total        used        free      shared  buff/cache   available
Mem:        2010468      688544     1125716       15420      196208     1155392
Swap:       1190340      795668      394672

# buff/cache is reduced by 25MB after clearing the cache system-wide.

# 1st run (read from storage device)
‚ùØ dd if=testfile of=/dev/null bs=1G count=1
1+0 records in
1+0 records out
1073741824 bytes (1.1 GB, 1.0 GiB) copied, 2.2201 s, 484 MB/s

# 2nd run (read from cache)
‚ùØ dd if=testfile of=/dev/null bs=1G count=1
1+0 records in
1+0 records out
1073741824 bytes (1.1 GB, 1.0 GiB) copied, 0.919855 s, 1.2 GB/s

why buff/cache on taro is some larger than root even though clearing cache system-widely was done by root?
- The difference in buff/cache is due to user-specific activity after clearing the cache.
- taro‚Äôs interactive shell accesses additional files, which leads to a higher cache value compared to root.
- Cache behavior is system-wide, but user-triggered actions affect what gets cached.

‚ùØ free
              total        used        free      shared  buff/cache   available
Mem:        2010468      748844      515476       17428      746148     1086712
Swap:       1190340      771976      418364

‚ùØ dd if=/dev/zero of=testfile bs=500M count=1 oflag=direct,sync
1+0 records in
1+0 records out
524288000 bytes (524 MB, 500 MiB) copied, 2.78805 s, 188 MB/s

‚ùØ free
              total        used        free      shared  buff/cache   available
Mem:        2010468      708684      600688       17404      701096     1127152
Swap:       1190340      787896      402444
# buff/cache is not increased after writing to the file with O_DIRECT flag (rather decreased by 45MB...).
